main.c:104:5:main	608	static
main.c:427:6:SystemClock_Config	88	static
main.c:472:13:MX_ADC1_Init	56	static
main.c:538:13:MX_SPI3_Init	8	static
main.c:576:13:MX_TIM3_Init	32	static
main.c:621:13:MX_TIM11_Init	8	static
main.c:652:13:MX_USART2_UART_Init	8	static
main.c:683:13:MX_DMA_Init	16	static
main.c:701:13:MX_GPIO_Init	48	static
main.c:754:6:Gen_Wave	24	static
main.c:793:6:MCP4922SetOutput	24	static
main.c:800:6:HAL_SPI_TxCpltCallback	16	static
main.c:808:6:HAL_TIM_PeriodElapsedCallback	24	static
main.c:815:9:UARTRecieveIT	16	static
main.c:827:6:HAL_UART_RxCpltCallback	16	static
main.c:832:17:micros	12	static
main.c:842:6:Error_Handler	4	static,ignoring_inline_asm
