main.c:106:5:main	608	static
main.c:429:6:SystemClock_Config	88	static
main.c:474:13:MX_ADC1_Init	24	static
main.c:524:13:MX_SPI3_Init	8	static
main.c:562:13:MX_TIM3_Init	32	static
main.c:607:13:MX_TIM11_Init	8	static
main.c:638:13:MX_USART2_UART_Init	8	static
main.c:669:13:MX_DMA_Init	16	static
main.c:687:13:MX_GPIO_Init	48	static
main.c:740:6:Gen_Wave	24	static
main.c:779:6:MCP4922SetOutput	24	static
main.c:786:6:HAL_SPI_TxCpltCallback	16	static
main.c:794:6:HAL_TIM_PeriodElapsedCallback	24	static
main.c:801:9:UARTRecieveIT	16	static
main.c:813:6:HAL_UART_RxCpltCallback	16	static
main.c:818:17:micros	12	static
main.c:828:6:Error_Handler	4	static,ignoring_inline_asm
